<?xml version="1.0" encoding="UTF-8"?>
<testsuites name="jest tests" tests="2" failures="0" errors="0" time="2.323">
  <testsuite name="undefined" errors="0" failures="0" skipped="0" timestamp="2024-02-18T00:45:38" time="2.233" tests="2">
    <testcase classname=" NotionSDK: getPage gets a page" name=" NotionSDK: getPage gets a page" time="0.503">
    </testcase>
    <testcase classname=" NotionSDK: query returns results" name=" NotionSDK: query returns results" time="0.637">
    </testcase>
  </testsuite>
</testsuites>